// Jest Snapshot v1, https://goo.gl/fbAQLP

exports[`renders Component with passed pageProps 1`] = `
<div>
  <div>
    ðŸ‘¾
  </div>
</div>
`;
